#
# There is insufficient memory for the Java Runtime Environment to continue.
# Native memory allocation (malloc) failed to allocate 1334784 bytes. Error detail: Chunk::new
# Possible reasons:
#   The system is out of physical RAM or swap space
#   This process is running with CompressedOops enabled, and the Java Heap may be blocking the growth of the native heap
# Possible solutions:
#   Reduce memory load on the system
#   Increase physical memory or swap space
#   Check if swap backing store is full
#   Decrease Java heap size (-Xmx/-Xms)
#   Decrease number of Java threads
#   Decrease Java thread stack sizes (-Xss)
#   Set larger code cache with -XX:ReservedCodeCacheSize=
#   JVM is running with Zero Based Compressed Oops mode in which the Java heap is
#     placed in the first 32GB address space. The Java Heap base address is the
#     maximum limit for the native heap growth. Please use -XX:HeapBaseMinAddress
#     to set the Java Heap base and to place the Java Heap above 32GB virtual address.
# This output file may be truncated or incomplete.
#
#  Out of Memory Error (arena.cpp:186), pid=9920, tid=8152
#
# JRE version: OpenJDK Runtime Environment JBR-25.0.3+9-508.16-nomod (25.0.3+9) (build 25.0.3+9-b508.16)
# Java VM: OpenJDK 64-Bit Server VM JBR-25.0.3+9-508.16-nomod (25.0.3+9-b508.16, mixed mode, sharing, tiered, compressed oops, compressed class ptrs, g1 gc, windows-amd64)
# No core dump will be written. Minidumps are not enabled by default on client versions of Windows
#

---------------  S U M M A R Y ------------

Command Line: git4idea.http.GitAskPassApp Username for 'https://github.com': 

Host: 11th Gen Intel(R) Core(TM) i9-11900K @ 3.50GHz, 16 cores, 63G,  Windows 11 , 64 bit Build 28000 (10.0.28000.2525)
Time: Tue Aug  4 20:09:46 2026 Iran Standard Time elapsed time: 0.287039 seconds (0d 0h 0m 0s)

---------------  T H R E A D  ---------------

Current thread (0x0000008023eab0e0):  JavaThread "C2 CompilerThread0" daemon [_thread_in_native, id=8152, stack(0x000000802b100000,0x000000802b200000) (1024K)]


Current CompileTask:
C2:287 1109       4       sun.security.ec.ECOperations::setDouble (463 bytes)

Stack: [0x000000802b100000,0x000000802b200000]
Native frames: (J=compiled Java code, j=interpreted, Vv=VM code, C=native code)
V  [jvm.dll+0x7c2949]  (no source info available)
V  [jvm.dll+0x78c01d]  (no source info available)
V  [jvm.dll+0xa105b3]  (no source info available)
V  [jvm.dll+0xa12dac]  (no source info available)
V  [jvm.dll+0xa134a3]  (no source info available)
V  [jvm.dll+0x308106]  (no source info available)
V  [jvm.dll+0x1149e6]  (no source info available)
V  [jvm.dll+0x114d16]  (no source info available)
V  [jvm.dll+0x46119d]  (no source info available)
V  [jvm.dll+0x430062]  (no source info available)
V  [jvm.dll+0x42f48a]  (no source info available)
V  [jvm.dll+0x2c9f09]  (no source info available)
V  [jvm.dll+0x2c909b]  (no source info available)
V  [jvm.dll+0x2408d0]  (no source info available)
V  [jvm.dll+0x2d9124]  (no source info available)
V  [jvm.dll+0x2d734b]  (no source info available)
V  [jvm.dll+0x49e865]  (no source info available)
V  [jvm.dll+0x9b047d]  (no source info available)
V  [jvm.dll+0x7c0e65]  (no source info available)
C  [ucrtbase.dll+0x4f630]  (no source info available)
C  [KERNEL32.DLL+0x35c27]  (no source info available)
C  [ntdll.dll+0x7dce0]  (no source info available)

Lock stack of current Java thread (top to bottom):


---------------  P R O C E S S  ---------------

Threads class SMR info:
_java_thread_list=0x000000802bbe1df0, length=19, elements={
0x00000080004695e0, 0x0000008023e75b30, 0x0000008023e77630, 0x0000008023e78090,
0x0000008023e7a6e0, 0x0000008023e7bc20, 0x0000008023ea8610, 0x0000008023ea9de0,
0x0000008023eab0e0, 0x0000008023ec1920, 0x0000008023ea2d60, 0x0000008026501760,
0x0000008026501f70, 0x0000008023ea5c40, 0x0000008023ea4ca0, 0x0000008023ea6be0,
0x000000802bbe7bc0, 0x000000802bbd6600, 0x000000802bdeeb60
}

Java Threads: ( => current thread )
  0x00000080004695e0 JavaThread "main"                              [_thread_blocked, id=24688, stack(0x00000080008d0000,0x00000080009d0000) (1024K)]
  0x0000008023e75b30 JavaThread "Common-Cleaner"             daemon [_thread_blocked, id=28584, stack(0x00000080269d0000,0x0000008026ad0000) (1024K)]
  0x0000008023e77630 JavaThread "Reference Handler"          daemon [_thread_blocked, id=2776, stack(0x0000008026ad0000,0x0000008026bd0000) (1024K)]
  0x0000008023e78090 JavaThread "Finalizer"                  daemon [_thread_blocked, id=8440, stack(0x0000008026bd0000,0x0000008026cd0000) (1024K)]
  0x0000008023e7a6e0 JavaThread "Signal Dispatcher"          daemon [_thread_blocked, id=33172, stack(0x0000008026cd0000,0x0000008026dd0000) (1024K)]
  0x0000008023e7bc20 JavaThread "Attach Listener"            daemon [_thread_blocked, id=5356, stack(0x0000008026dd0000,0x0000008026ed0000) (1024K)]
  0x0000008023ea8610 JavaThread "Service Thread"             daemon [_thread_blocked, id=9340, stack(0x0000008026ed0000,0x0000008026fd0000) (1024K)]
  0x0000008023ea9de0 JavaThread "Monitor Deflation Thread"   daemon [_thread_blocked, id=30804, stack(0x000000802b000000,0x000000802b100000) (1024K)]
=>0x0000008023eab0e0 JavaThread "C2 CompilerThread0"         daemon [_thread_in_native, id=8152, stack(0x000000802b100000,0x000000802b200000) (1024K)]
  0x0000008023ec1920 JavaThread "C1 CompilerThread0"         daemon [_thread_blocked, id=3620, stack(0x000000802b200000,0x000000802b300000) (1024K)]
  0x0000008023ea2d60 JavaThread "Notification Thread"        daemon [_thread_blocked, id=30516, stack(0x000000802b300000,0x000000802b400000) (1024K)]
  0x0000008026501760 JavaThread "C1 CompilerThread1"         daemon [_thread_blocked, id=23808, stack(0x000000802b400000,0x000000802b500000) (1024K)]
  0x0000008026501f70 JavaThread "C1 CompilerThread2"         daemon [_thread_blocked, id=23112, stack(0x000000802b500000,0x000000802b600000) (1024K)]
  0x0000008023ea5c40 JavaThread "HttpClient-1-SelectorManager" daemon [_thread_in_native, id=29968, stack(0x000000802be00000,0x000000802bf00000) (1024K)]
  0x0000008023ea4ca0 JavaThread "HttpClient-1-Worker-0"      daemon [_thread_in_vm, id=26968, stack(0x000000802c000000,0x000000802c100000) (1024K)]
  0x0000008023ea6be0 JavaThread "HttpClient-1-Worker-1"      daemon [_thread_blocked, id=18596, stack(0x000000802c100000,0x000000802c200000) (1024K)]
  0x000000802bbe7bc0 JavaThread "C2 CompilerThread1"         daemon [_thread_blocked, id=24992, stack(0x000000802c200000,0x000000802c300000) (1024K)]
  0x000000802bbd6600 JavaThread "C2 CompilerThread2"         daemon [_thread_blocked, id=26228, stack(0x000000802c300000,0x000000802c400000) (1024K)]
  0x000000802bdeeb60 JavaThread "C1 CompilerThread3"         daemon [_thread_blocked, id=7356, stack(0x000000802d3d0000,0x000000802d4d0000) (1024K)]
Total: 19

Other Threads:
  0x0000008023e615f0 VMThread "VM Thread"                           [id=8568, stack(0x00000080268d0000,0x00000080269d0000) (1024K)]
  0x0000008023e4f8c0 WatcherThread "VM Periodic Task Thread"        [id=8908, stack(0x00000080267d0000,0x00000080268d0000) (1024K)]
  0x0000008023d0fd90 WorkerThread "GC Thread#0"                     [id=32548, stack(0x0000008023ed0000,0x0000008023fd0000) (1024K)]
  0x0000008000aed9b0 ConcurrentGCThread "G1 Main Marker"            [id=296, stack(0x0000008023fd0000,0x00000080240d0000) (1024K)]
  0x0000008023d22b10 WorkerThread "G1 Conc#0"                       [id=29188, stack(0x00000080240d0000,0x00000080241d0000) (1024K)]
  0x0000008023d9bdc0 ConcurrentGCThread "G1 Refine#0"               [id=7424, stack(0x00000080261d0000,0x00000080262d0000) (1024K)]
  0x0000008023d9e8e0 ConcurrentGCThread "G1 Service"                [id=32908, stack(0x00000080262d0000,0x00000080263d0000) (1024K)]
Total: 7

Threads with active compile tasks:
C2 CompilerThread0  313 1109       4       sun.security.ec.ECOperations::setDouble (463 bytes)
Total: 1

VM state: not at safepoint (normal execution)

VM Mutex/Monitor currently owned by a thread: None

Heap address: 0x0000000403000000, size: 16336 MB, Compressed Oops mode: Zero based, Oop shift amount: 3

CDS archive(s) mapped at: [0x0000000091000000-0x0000000092cc0000-0x0000000092cc0000), size 30146560, SharedBaseAddress: 0x0000000091000000, ArchiveRelocationMode: 1.
Compressed class space mapped at: 0x0000000093000000-0x00000000d3000000, reserved size: 1073741824
UseCompressedClassPointers 1, UseCompactObjectHeaders 0
Narrow klass pointer bits 32, Max shift 3
Narrow klass base: 0x0000000091000000, Narrow klass shift: 0
Encoding Range: [0x0000000091000000 - 0x0000000191000000), (4294967296 bytes)
Klass Range:    [0x0000000091010000 - 0x00000000d3000000), (1107230720 bytes)
Klass ID Range:  [65536 - 1107296249) (1107230713)
Protection zone: [0x0000000091000000 - 0x0000000091010000), (65536 bytes)

GC Precious Log:
 CardTable entry size: 512
 Card Set container configuration: InlinePtr #cards 4 size 8 Array Of Cards #cards 64 size 144 Howl #buckets 8 coarsen threshold 14745 Howl Bitmap #cards 2048 size 272 coarsen threshold 1843 Card regions per heap region 1 cards per card region 16384
 CPUs: 16 total, 16 available
 Memory: 65340M
 Large Page Support: Disabled
 NUMA Support: Disabled
 Compressed Oops: Enabled (Zero based)
 Heap Region Size: 8M
 Heap Min Capacity: 8M
 Heap Initial Capacity: 1G
 Heap Max Capacity: 16336M
 Pre-touch: Disabled
 Parallel Workers: 13
 Concurrent Workers: 3
 Concurrent Refinement Workers: 13
 Periodic GC: Disabled

Heap:
 garbage-first heap   total reserved 16728064K, committed 1056768K, used 18683K [0x0000000403000000, 0x0000000800000000)
  region size 8192K, 3 young (24576K), 0 survivors (0K)

Heap Regions: E=young(eden), S=young(survivor), O=old, HS=humongous(starts), HC=humongous(continues), CS=collection set, F=free, TAMS=top-at-mark-start, PB=parsable bottom
|   0|0x0000000403000000, 0x0000000403000000, 0x0000000403800000|  0%| F|  |TAMS 0x0000000403000000| PB 0x0000000403000000| Untracked |  0
|   1|0x0000000403800000, 0x0000000403800000, 0x0000000404000000|  0%| F|  |TAMS 0x0000000403800000| PB 0x0000000403800000| Untracked |  0
|   2|0x0000000404000000, 0x0000000404000000, 0x0000000404800000|  0%| F|  |TAMS 0x0000000404000000| PB 0x0000000404000000| Untracked |  0
|   3|0x0000000404800000, 0x0000000404800000, 0x0000000405000000|  0%| F|  |TAMS 0x0000000404800000| PB 0x0000000404800000| Untracked |  0
|   4|0x0000000405000000, 0x0000000405000000, 0x0000000405800000|  0%| F|  |TAMS 0x0000000405000000| PB 0x0000000405000000| Untracked |  0
|   5|0x0000000405800000, 0x0000000405800000, 0x0000000406000000|  0%| F|  |TAMS 0x0000000405800000| PB 0x0000000405800000| Untracked |  0
|   6|0x0000000406000000, 0x0000000406000000, 0x0000000406800000|  0%| F|  |TAMS 0x0000000406000000| PB 0x0000000406000000| Untracked |  0
|   7|0x0000000406800000, 0x0000000406800000, 0x0000000407000000|  0%| F|  |TAMS 0x0000000406800000| PB 0x0000000406800000| Untracked |  0
|   8|0x0000000407000000, 0x0000000407000000, 0x0000000407800000|  0%| F|  |TAMS 0x0000000407000000| PB 0x0000000407000000| Untracked |  0
|   9|0x0000000407800000, 0x0000000407800000, 0x0000000408000000|  0%| F|  |TAMS 0x0000000407800000| PB 0x0000000407800000| Untracked |  0
|  10|0x0000000408000000, 0x0000000408000000, 0x0000000408800000|  0%| F|  |TAMS 0x0000000408000000| PB 0x0000000408000000| Untracked |  0
|  11|0x0000000408800000, 0x0000000408800000, 0x0000000409000000|  0%| F|  |TAMS 0x0000000408800000| PB 0x0000000408800000| Untracked |  0
|  12|0x0000000409000000, 0x0000000409000000, 0x0000000409800000|  0%| F|  |TAMS 0x0000000409000000| PB 0x0000000409000000| Untracked |  0
|  13|0x0000000409800000, 0x0000000409800000, 0x000000040a000000|  0%| F|  |TAMS 0x0000000409800000| PB 0x0000000409800000| Untracked |  0
|  14|0x000000040a000000, 0x000000040a000000, 0x000000040a800000|  0%| F|  |TAMS 0x000000040a000000| PB 0x000000040a000000| Untracked |  0
|  15|0x000000040a800000, 0x000000040a800000, 0x000000040b000000|  0%| F|  |TAMS 0x000000040a800000| PB 0x000000040a800000| Untracked |  0
|  16|0x000000040b000000, 0x000000040b000000, 0x000000040b800000|  0%| F|  |TAMS 0x000000040b000000| PB 0x000000040b000000| Untracked |  0
|  17|0x000000040b800000, 0x000000040b800000, 0x000000040c000000|  0%| F|  |TAMS 0x000000040b800000| PB 0x000000040b800000| Untracked |  0
|  18|0x000000040c000000, 0x000000040c000000, 0x000000040c800000|  0%| F|  |TAMS 0x000000040c000000| PB 0x000000040c000000| Untracked |  0
|  19|0x000000040c800000, 0x000000040c800000, 0x000000040d000000|  0%| F|  |TAMS 0x000000040c800000| PB 0x000000040c800000| Untracked |  0
|  20|0x000000040d000000, 0x000000040d000000, 0x000000040d800000|  0%| F|  |TAMS 0x000000040d000000| PB 0x000000040d000000| Untracked |  0
|  21|0x000000040d800000, 0x000000040d800000, 0x000000040e000000|  0%| F|  |TAMS 0x000000040d800000| PB 0x000000040d800000| Untracked |  0
|  22|0x000000040e000000, 0x000000040e000000, 0x000000040e800000|  0%| F|  |TAMS 0x000000040e000000| PB 0x000000040e000000| Untracked |  0
|  23|0x000000040e800000, 0x000000040e800000, 0x000000040f000000|  0%| F|  |TAMS 0x000000040e800000| PB 0x000000040e800000| Untracked |  0
|  24|0x000000040f000000, 0x000000040f000000, 0x000000040f800000|  0%| F|  |TAMS 0x000000040f000000| PB 0x000000040f000000| Untracked |  0
|  25|0x000000040f800000, 0x000000040f800000, 0x0000000410000000|  0%| F|  |TAMS 0x000000040f800000| PB 0x000000040f800000| Untracked |  0
|  26|0x0000000410000000, 0x0000000410000000, 0x0000000410800000|  0%| F|  |TAMS 0x0000000410000000| PB 0x0000000410000000| Untracked |  0
|  27|0x0000000410800000, 0x0000000410800000, 0x0000000411000000|  0%| F|  |TAMS 0x0000000410800000| PB 0x0000000410800000| Untracked |  0
|  28|0x0000000411000000, 0x0000000411000000, 0x0000000411800000|  0%| F|  |TAMS 0x0000000411000000| PB 0x0000000411000000| Untracked |  0
|  29|0x0000000411800000, 0x0000000411800000, 0x0000000412000000|  0%| F|  |TAMS 0x0000000411800000| PB 0x0000000411800000| Untracked |  0
|  30|0x0000000412000000, 0x0000000412000000, 0x0000000412800000|  0%| F|  |TAMS 0x0000000412000000| PB 0x0000000412000000| Untracked |  0
|  31|0x0000000412800000, 0x0000000412800000, 0x0000000413000000|  0%| F|  |TAMS 0x0000000412800000| PB 0x0000000412800000| Untracked |  0
|  32|0x0000000413000000, 0x0000000413000000, 0x0000000413800000|  0%| F|  |TAMS 0x0000000413000000| PB 0x0000000413000000| Untracked |  0
|  33|0x0000000413800000, 0x0000000413800000, 0x0000000414000000|  0%| F|  |TAMS 0x0000000413800000| PB 0x0000000413800000| Untracked |  0
|  34|0x0000000414000000, 0x0000000414000000, 0x0000000414800000|  0%| F|  |TAMS 0x0000000414000000| PB 0x0000000414000000| Untracked |  0
|  35|0x0000000414800000, 0x0000000414800000, 0x0000000415000000|  0%| F|  |TAMS 0x0000000414800000| PB 0x0000000414800000| Untracked |  0
|  36|0x0000000415000000, 0x0000000415000000, 0x0000000415800000|  0%| F|  |TAMS 0x0000000415000000| PB 0x0000000415000000| Untracked |  0
|  37|0x0000000415800000, 0x0000000415800000, 0x0000000416000000|  0%| F|  |TAMS 0x0000000415800000| PB 0x0000000415800000| Untracked |  0
|  38|0x0000000416000000, 0x0000000416000000, 0x0000000416800000|  0%| F|  |TAMS 0x0000000416000000| PB 0x0000000416000000| Untracked |  0
|  39|0x0000000416800000, 0x0000000416800000, 0x0000000417000000|  0%| F|  |TAMS 0x0000000416800000| PB 0x0000000416800000| Untracked |  0
|  40|0x0000000417000000, 0x0000000417000000, 0x0000000417800000|  0%| F|  |TAMS 0x0000000417000000| PB 0x0000000417000000| Untracked |  0
|  41|0x0000000417800000, 0x0000000417800000, 0x0000000418000000|  0%| F|  |TAMS 0x0000000417800000| PB 0x0000000417800000| Untracked |  0
|  42|0x0000000418000000, 0x0000000418000000, 0x0000000418800000|  0%| F|  |TAMS 0x0000000418000000| PB 0x0000000418000000| Untracked |  0
|  43|0x0000000418800000, 0x0000000418800000, 0x0000000419000000|  0%| F|  |TAMS 0x0000000418800000| PB 0x0000000418800000| Untracked |  0
|  44|0x0000000419000000, 0x0000000419000000, 0x0000000419800000|  0%| F|  |TAMS 0x0000000419000000| PB 0x0000000419000000| Untracked |  0
|  45|0x0000000419800000, 0x0000000419800000, 0x000000041a000000|  0%| F|  |TAMS 0x0000000419800000| PB 0x0000000419800000| Untracked |  0
|  46|0x000000041a000000, 0x000000041a000000, 0x000000041a800000|  0%| F|  |TAMS 0x000000041a000000| PB 0x000000041a000000| Untracked |  0
|  47|0x000000041a800000, 0x000000041a800000, 0x000000041b000000|  0%| F|  |TAMS 0x000000041a800000| PB 0x000000041a800000| Untracked |  0
|  48|0x000000041b000000, 0x000000041b000000, 0x000000041b800000|  0%| F|  |TAMS 0x000000041b000000| PB 0x000000041b000000| Untracked |  0
|  49|0x000000041b800000, 0x000000041b800000, 0x000000041c000000|  0%| F|  |TAMS 0x000000041b800000| PB 0x000000041b800000| Untracked |  0
|  50|0x000000041c000000, 0x000000041c000000, 0x000000041c800000|  0%| F|  |TAMS 0x000000041c000000| PB 0x000000041c000000| Untracked |  0
|  51|0x000000041c800000, 0x000000041c800000, 0x000000041d000000|  0%| F|  |TAMS 0x000000041c800000| PB 0x000000041c800000| Untracked |  0
|  52|0x000000041d000000, 0x000000041d000000, 0x000000041d800000|  0%| F|  |TAMS 0x000000041d000000| PB 0x000000041d000000| Untracked |  0
|  53|0x000000041d800000, 0x000000041d800000, 0x000000041e000000|  0%| F|  |TAMS 0x000000041d800000| PB 0x000000041d800000| Untracked |  0
|  54|0x000000041e000000, 0x000000041e000000, 0x000000041e800000|  0%| F|  |TAMS 0x000000041e000000| PB 0x000000041e000000| Untracked |  0
|  55|0x000000041e800000, 0x000000041e800000, 0x000000041f000000|  0%| F|  |TAMS 0x000000041e800000| PB 0x000000041e800000| Untracked |  0
|  56|0x000000041f000000, 0x000000041f000000, 0x000000041f800000|  0%| F|  |TAMS 0x000000041f000000| PB 0x000000041f000000| Untracked |  0
|  57|0x000000041f800000, 0x000000041f800000, 0x0000000420000000|  0%| F|  |TAMS 0x000000041f800000| PB 0x000000041f800000| Untracked |  0
|  58|0x0000000420000000, 0x0000000420000000, 0x0000000420800000|  0%| F|  |TAMS 0x0000000420000000| PB 0x0000000420000000| Untracked |  0
|  59|0x0000000420800000, 0x0000000420800000, 0x0000000421000000|  0%| F|  |TAMS 0x0000000420800000| PB 0x0000000420800000| Untracked |  0
|  60|0x0000000421000000, 0x0000000421000000, 0x0000000421800000|  0%| F|  |TAMS 0x0000000421000000| PB 0x0000000421000000| Untracked |  0
|  61|0x0000000421800000, 0x0000000421800000, 0x0000000422000000|  0%| F|  |TAMS 0x0000000421800000| PB 0x0000000421800000| Untracked |  0
|  62|0x0000000422000000, 0x0000000422000000, 0x0000000422800000|  0%| F|  |TAMS 0x0000000422000000| PB 0x0000000422000000| Untracked |  0
|  63|0x0000000422800000, 0x0000000422800000, 0x0000000423000000|  0%| F|  |TAMS 0x0000000422800000| PB 0x0000000422800000| Untracked |  0
|  64|0x0000000423000000, 0x0000000423000000, 0x0000000423800000|  0%| F|  |TAMS 0x0000000423000000| PB 0x0000000423000000| Untracked |  0
|  65|0x0000000423800000, 0x0000000423800000, 0x0000000424000000|  0%| F|  |TAMS 0x0000000423800000| PB 0x0000000423800000| Untracked |  0
|  66|0x0000000424000000, 0x0000000424000000, 0x0000000424800000|  0%| F|  |TAMS 0x0000000424000000| PB 0x0000000424000000| Untracked |  0
|  67|0x0000000424800000, 0x0000000424800000, 0x0000000425000000|  0%| F|  |TAMS 0x0000000424800000| PB 0x0000000424800000| Untracked |  0
|  68|0x0000000425000000, 0x0000000425000000, 0x0000000425800000|  0%| F|  |TAMS 0x0000000425000000| PB 0x0000000425000000| Untracked |  0
|  69|0x0000000425800000, 0x0000000425800000, 0x0000000426000000|  0%| F|  |TAMS 0x0000000425800000| PB 0x0000000425800000| Untracked |  0
|  70|0x0000000426000000, 0x0000000426000000, 0x0000000426800000|  0%| F|  |TAMS 0x0000000426000000| PB 0x0000000426000000| Untracked |  0
|  71|0x0000000426800000, 0x0000000426800000, 0x0000000427000000|  0%| F|  |TAMS 0x0000000426800000| PB 0x0000000426800000| Untracked |  0
|  72|0x0000000427000000, 0x0000000427000000, 0x0000000427800000|  0%| F|  |TAMS 0x0000000427000000| PB 0x0000000427000000| Untracked |  0
|  73|0x0000000427800000, 0x0000000427800000, 0x0000000428000000|  0%| F|  |TAMS 0x0000000427800000| PB 0x0000000427800000| Untracked |  0
|  74|0x0000000428000000, 0x0000000428000000, 0x0000000428800000|  0%| F|  |TAMS 0x0000000428000000| PB 0x0000000428000000| Untracked |  0
|  75|0x0000000428800000, 0x0000000428800000, 0x0000000429000000|  0%| F|  |TAMS 0x0000000428800000| PB 0x0000000428800000| Untracked |  0
|  76|0x0000000429000000, 0x0000000429000000, 0x0000000429800000|  0%| F|  |TAMS 0x0000000429000000| PB 0x0000000429000000| Untracked |  0
|  77|0x0000000429800000, 0x0000000429800000, 0x000000042a000000|  0%| F|  |TAMS 0x0000000429800000| PB 0x0000000429800000| Untracked |  0
|  78|0x000000042a000000, 0x000000042a000000, 0x000000042a800000|  0%| F|  |TAMS 0x000000042a000000| PB 0x000000042a000000| Untracked |  0
|  79|0x000000042a800000, 0x000000042a800000, 0x000000042b000000|  0%| F|  |TAMS 0x000000042a800000| PB 0x000000042a800000| Untracked |  0
|  80|0x000000042b000000, 0x000000042b000000, 0x000000042b800000|  0%| F|  |TAMS 0x000000042b000000| PB 0x000000042b000000| Untracked |  0
|  81|0x000000042b800000, 0x000000042b800000, 0x000000042c000000|  0%| F|  |TAMS 0x000000042b800000| PB 0x000000042b800000| Untracked |  0
|  82|0x000000042c000000, 0x000000042c000000, 0x000000042c800000|  0%| F|  |TAMS 0x000000042c000000| PB 0x000000042c000000| Untracked |  0
|  83|0x000000042c800000, 0x000000042c800000, 0x000000042d000000|  0%| F|  |TAMS 0x000000042c800000| PB 0x000000042c800000| Untracked |  0
|  84|0x000000042d000000, 0x000000042d000000, 0x000000042d800000|  0%| F|  |TAMS 0x000000042d000000| PB 0x000000042d000000| Untracked |  0
|  85|0x000000042d800000, 0x000000042d800000, 0x000000042e000000|  0%| F|  |TAMS 0x000000042d800000| PB 0x000000042d800000| Untracked |  0
|  86|0x000000042e000000, 0x000000042e000000, 0x000000042e800000|  0%| F|  |TAMS 0x000000042e000000| PB 0x000000042e000000| Untracked |  0
|  87|0x000000042e800000, 0x000000042e800000, 0x000000042f000000|  0%| F|  |TAMS 0x000000042e800000| PB 0x000000042e800000| Untracked |  0
|  88|0x000000042f000000, 0x000000042f000000, 0x000000042f800000|  0%| F|  |TAMS 0x000000042f000000| PB 0x000000042f000000| Untracked |  0
|  89|0x000000042f800000, 0x000000042f800000, 0x0000000430000000|  0%| F|  |TAMS 0x000000042f800000| PB 0x000000042f800000| Untracked |  0
|  90|0x0000000430000000, 0x0000000430000000, 0x0000000430800000|  0%| F|  |TAMS 0x0000000430000000| PB 0x0000000430000000| Untracked |  0
|  91|0x0000000430800000, 0x0000000430800000, 0x0000000431000000|  0%| F|  |TAMS 0x0000000430800000| PB 0x0000000430800000| Untracked |  0
|  92|0x0000000431000000, 0x0000000431000000, 0x0000000431800000|  0%| F|  |TAMS 0x0000000431000000| PB 0x0000000431000000| Untracked |  0
|  93|0x0000000431800000, 0x0000000431800000, 0x0000000432000000|  0%| F|  |TAMS 0x0000000431800000| PB 0x0000000431800000| Untracked |  0
|  94|0x0000000432000000, 0x0000000432000000, 0x0000000432800000|  0%| F|  |TAMS 0x0000000432000000| PB 0x0000000432000000| Untracked |  0
|  95|0x0000000432800000, 0x0000000432800000, 0x0000000433000000|  0%| F|  |TAMS 0x0000000432800000| PB 0x0000000432800000| Untracked |  0
|  96|0x0000000433000000, 0x0000000433000000, 0x0000000433800000|  0%| F|  |TAMS 0x0000000433000000| PB 0x0000000433000000| Untracked |  0
|  97|0x0000000433800000, 0x0000000433800000, 0x0000000434000000|  0%| F|  |TAMS 0x0000000433800000| PB 0x0000000433800000| Untracked |  0
|  98|0x0000000434000000, 0x0000000434000000, 0x0000000434800000|  0%| F|  |TAMS 0x0000000434000000| PB 0x0000000434000000| Untracked |  0
|  99|0x0000000434800000, 0x0000000434800000, 0x0000000435000000|  0%| F|  |TAMS 0x0000000434800000| PB 0x0000000434800000| Untracked |  0
| 100|0x0000000435000000, 0x0000000435000000, 0x0000000435800000|  0%| F|  |TAMS 0x0000000435000000| PB 0x0000000435000000| Untracked |  0
| 101|0x0000000435800000, 0x0000000435800000, 0x0000000436000000|  0%| F|  |TAMS 0x0000000435800000| PB 0x0000000435800000| Untracked |  0
| 102|0x0000000436000000, 0x0000000436000000, 0x0000000436800000|  0%| F|  |TAMS 0x0000000436000000| PB 0x0000000436000000| Untracked |  0
| 103|0x0000000436800000, 0x0000000436800000, 0x0000000437000000|  0%| F|  |TAMS 0x0000000436800000| PB 0x0000000436800000| Untracked |  0
| 104|0x0000000437000000, 0x0000000437000000, 0x0000000437800000|  0%| F|  |TAMS 0x0000000437000000| PB 0x0000000437000000| Untracked |  0
| 105|0x0000000437800000, 0x0000000437800000, 0x0000000438000000|  0%| F|  |TAMS 0x0000000437800000| PB 0x0000000437800000| Untracked |  0
| 106|0x0000000438000000, 0x0000000438000000, 0x0000000438800000|  0%| F|  |TAMS 0x0000000438000000| PB 0x0000000438000000| Untracked |  0
| 107|0x0000000438800000, 0x0000000438800000, 0x0000000439000000|  0%| F|  |TAMS 0x0000000438800000| PB 0x0000000438800000| Untracked |  0
| 108|0x0000000439000000, 0x0000000439000000, 0x0000000439800000|  0%| F|  |TAMS 0x0000000439000000| PB 0x0000000439000000| Untracked |  0
| 109|0x0000000439800000, 0x0000000439800000, 0x000000043a000000|  0%| F|  |TAMS 0x0000000439800000| PB 0x0000000439800000| Untracked |  0
| 110|0x000000043a000000, 0x000000043a000000, 0x000000043a800000|  0%| F|  |TAMS 0x000000043a000000| PB 0x000000043a000000| Untracked |  0
| 111|0x000000043a800000, 0x000000043a800000, 0x000000043b000000|  0%| F|  |TAMS 0x000000043a800000| PB 0x000000043a800000| Untracked |  0
| 112|0x000000043b000000, 0x000000043b000000, 0x000000043b800000|  0%| F|  |TAMS 0x000000043b000000| PB 0x000000043b000000| Untracked |  0
| 113|0x000000043b800000, 0x000000043b800000, 0x000000043c000000|  0%| F|  |TAMS 0x000000043b800000| PB 0x000000043b800000| Untracked |  0
| 114|0x000000043c000000, 0x000000043c000000, 0x000000043c800000|  0%| F|  |TAMS 0x000000043c000000| PB 0x000000043c000000| Untracked |  0
| 115|0x000000043c800000, 0x000000043c800000, 0x000000043d000000|  0%| F|  |TAMS 0x000000043c800000| PB 0x000000043c800000| Untracked |  0
| 116|0x000000043d000000, 0x000000043d000000, 0x000000043d800000|  0%| F|  |TAMS 0x000000043d000000| PB 0x000000043d000000| Untracked |  0
| 117|0x000000043d800000, 0x000000043d800000, 0x000000043e000000|  0%| F|  |TAMS 0x000000043d800000| PB 0x000000043d800000| Untracked |  0
| 118|0x000000043e000000, 0x000000043e000000, 0x000000043e800000|  0%| F|  |TAMS 0x000000043e000000| PB 0x000000043e000000| Untracked |  0
| 119|0x000000043e800000, 0x000000043e800000, 0x000000043f000000|  0%| F|  |TAMS 0x000000043e800000| PB 0x000000043e800000| Untracked |  0
| 120|0x000000043f000000, 0x000000043f000000, 0x000000043f800000|  0%| F|  |TAMS 0x000000043f000000| PB 0x000000043f000000| Untracked |  0
| 121|0x000000043f800000, 0x000000043f800000, 0x0000000440000000|  0%| F|  |TAMS 0x000000043f800000| PB 0x000000043f800000| Untracked |  0
| 122|0x0000000440000000, 0x0000000440000000, 0x0000000440800000|  0%| F|  |TAMS 0x0000000440000000| PB 0x0000000440000000| Untracked |  0
| 123|0x0000000440800000, 0x0000000440800000, 0x0000000441000000|  0%| F|  |TAMS 0x0000000440800000| PB 0x0000000440800000| Untracked |  0
| 124|0x0000000441000000, 0x0000000441000000, 0x0000000441800000|  0%| F|  |TAMS 0x0000000441000000| PB 0x0000000441000000| Untracked |  0
| 125|0x0000000441800000, 0x00000004419f3870, 0x0000000442000000| 24%| E|  |TAMS 0x0000000441800000| PB 0x0000000441800000| Complete |  0
| 126|0x0000000442000000, 0x0000000442800000, 0x0000000442800000|100%| E|CS|TAMS 0x0000000442000000| PB 0x0000000442000000| Complete |  0
| 127|0x0000000442800000, 0x0000000443000000, 0x0000000443000000|100%| E|CS|TAMS 0x0000000442800000| PB 0x0000000442800000| Complete |  0
|2041|0x00000007ff800000, 0x00000007ffa3efa0, 0x0000000800000000| 28%| O|  |TAMS 0x00000007ff800000| PB 0x00000007ff800000| Untracked |  0

Card table byte_map: [0x0000008011cd0000,0x0000008013cc0000] _byte_map_base: 0x000000800fcb8000

Marking Bits: (CMBitMap*) 0x0000008023d10520
 Bits: [0x0000008013cc0000, 0x0000008023c00000)

Polling page: 0x00000080001f0000

Metaspace:
Metaspace        used 3487K, committed 3648K, reserved 1114112K
 class space     used 412K, committed 512K, reserved 1048576K

Usage:
  Non-class:      3.00 MB used.
      Class:    412.34 KB used.
       Both:      3.41 MB used.

Virtual space:
  Non-class space:       64.00 MB reserved,       3.06 MB (  5%) committed,  1 nodes.
      Class space:        1.00 GB reserved,     512.00 KB ( <1%) committed,  1 nodes.
             Both:        1.06 GB reserved,       3.56 MB ( <1%) committed. 

Chunk freelists:
   Non-Class:  10.45 MB
       Class:  15.45 MB
        Both:  25.91 MB

MaxMetaspaceSize: unlimited
CompressedClassSpaceSize: 1.00 GB
Initial GC threshold: 21.00 MB
Current GC threshold: 21.00 MB
CDS: on
 - commit_granule_bytes: 65536.
 - commit_granule_words: 8192.
 - virtual_space_node_default_size: 8388608.
 - enlarge_chunks_in_place: 1.
UseCompressedClassPointers 1, UseCompactObjectHeaders 0
Narrow klass pointer bits 32, Max shift 3
Narrow klass base: 0x0000000091000000, Narrow klass shift: 0
Encoding Range: [0x0000000091000000 - 0x0000000191000000), (4294967296 bytes)
Klass Range:    [0x0000000091010000 - 0x00000000d3000000), (1107230720 bytes)
Klass ID Range:  [65536 - 1107296249) (1107230713)
Protection zone: [0x0000000091000000 - 0x0000000091010000), (65536 bytes)


Internal statistics:

num_allocs_failed_limit: 0.
num_arena_births: 106.
num_arena_deaths: 0.
num_vsnodes_births: 2.
num_vsnodes_deaths: 0.
num_space_committed: 57.
num_space_uncommitted: 0.
num_chunks_returned_to_freelist: 0.
num_chunks_taken_from_freelist: 225.
num_chunk_merges: 0.
num_chunk_splits: 138.
num_chunks_enlarged: 83.
num_inconsistent_stats: 0.

CodeHeap 'non-profiled nmethods': size=119168Kb used=343Kb max_used=343Kb free=118824Kb
 bounds [0x00000080086a0000, 0x0000008008910000, 0x000000800fb00000]
CodeHeap 'profiled nmethods': size=119168Kb used=1790Kb max_used=1790Kb free=117378Kb
 bounds [0x0000008000af0000, 0x0000008000d60000, 0x0000008007f50000]
CodeHeap 'non-nmethods': size=7488Kb used=3227Kb max_used=3251Kb free=4260Kb
 bounds [0x0000008007f50000, 0x0000008008290000, 0x00000080086a0000]
CodeCache: size=245824Kb, used=5360Kb, max_used=5384Kb, free=240462Kb
 total_blobs=1816, nmethods=1282, adapters=434, full_count=0
Compilation: enabled, stopped_count=0, restarted_count=0

Compilation events (20 events):
Event: 0.277 Thread 0x0000008023ec1920 1246       3       jdk.internal.classfile.impl.RawBytecodeHelper::of (10 bytes)
Event: 0.277 Thread 0x0000008026501760 1247       3       jdk.internal.classfile.impl.RawBytecodeHelper$CodeRange::<init> (15 bytes)
Event: 0.277 Thread 0x000000802bdeeb60 1248       3       jdk.internal.classfile.impl.StackMapGenerator::<init> (137 bytes)
Event: 0.277 Thread 0x0000008026501760 nmethod 1247 0x0000008000c9eb08 code [0x0000008000c9ec00, 0x0000008000c9ee30]
Event: 0.277 Thread 0x0000008023ec1920 nmethod 1246 0x0000008000c9ee88 code [0x0000008000c9ef80, 0x0000008000c9f248]
Event: 0.277 Thread 0x0000008026501760 1249       3       jdk.internal.classfile.impl.ClassHierarchyImpl::<init> (31 bytes)
Event: 0.277 Thread 0x0000008026501760 nmethod 1249 0x0000008000c9f288 code [0x0000008000c9f380, 0x0000008000c9f878]
Event: 0.277 Thread 0x0000008026501f70 nmethod 1238 0x0000008000c9f888 code [0x0000008000c9f980, 0x0000008000ca2178]
Event: 0.277 Thread 0x000000802bbd6600 nmethod 1216 0x00000080086f2288 code [0x00000080086f23a0, 0x00000080086f2f10]
Event: 0.277 Thread 0x0000008026501f70 1250       3       jdk.internal.misc.Unsafe::checkSize (32 bytes)
Event: 0.277 Thread 0x0000008023ec1920 1251       3       jdk.internal.misc.Unsafe::checkOffset (32 bytes)
Event: 0.277 Thread 0x000000802bdeeb60 nmethod 1248 0x0000008000ca2188 code [0x0000008000ca2280, 0x0000008000ca3600]
Event: 0.277 Thread 0x0000008026501f70 nmethod 1250 0x0000008000ca3608 code [0x0000008000ca3700, 0x0000008000ca3968]
Event: 0.277 Thread 0x0000008023ec1920 nmethod 1251 0x0000008000ca3988 code [0x0000008000ca3a80, 0x0000008000ca3ce8]
Event: 0.277 Thread 0x0000008023ec1920 1252       1       java.util.concurrent.atomic.AtomicInteger::get (5 bytes)
Event: 0.277 Thread 0x0000008023ec1920 nmethod 1252 0x00000080086f2f88 code [0x00000080086f3080, 0x00000080086f3148]
Event: 0.278 Thread 0x0000008026501f70 1253       3       java.util.stream.AbstractPipeline::isParallel (8 bytes)
Event: 0.278 Thread 0x0000008026501f70 nmethod 1253 0x0000008000ca3d08 code [0x0000008000ca3e00, 0x0000008000ca3f18]
Event: 0.278 Thread 0x000000802bbe7bc0 1254       4       jdk.internal.util.ReferencedKeyMap::removeStaleReferences (30 bytes)
Event: 0.279 Thread 0x000000802bbe7bc0 nmethod 1254 0x00000080086f3288 code [0x00000080086f3380, 0x00000080086f3438]

GC Heap Usage History (0 events):
No events

Metaspace Usage History (0 events):
No events

Dll operation events (2 events):
Event: 0.007 Loaded shared library C:\Program Files\JetBrains\PhpStorm 2026.2\jbr\bin\java.dll
Event: 0.068 Loaded shared library C:\Program Files\JetBrains\PhpStorm 2026.2\jbr\bin\zip.dll

Deoptimization events (20 events):
Event: 0.246 Thread 0x0000008023ea4ca0 Uncommon trap: trap_request=0xffffff5e fr.pc=0x00000080086e6c68 relative=0x00000000000001e8
Event: 0.246 Thread 0x0000008023ea4ca0 Uncommon trap: reason=speculate_class_check action=maybe_recompile pc=0x00000080086e6c68 method=sun.security.util.math.intpoly.IntegerPolynomial.multByInt([JJ)V @ 26 c2
Event: 0.246 Thread 0x0000008023ea4ca0 DEOPT PACKING pc=0x00000080086e6c68 sp=0x000000802c0fe6b0
Event: 0.246 Thread 0x0000008023ea4ca0 DEOPT UNPACKING pc=0x0000008008081182 sp=0x000000802c0fe5c0 mode 2
Event: 0.278 Thread 0x0000008023ea4ca0 Uncommon trap: trap_request=0xffffffd6 fr.pc=0x00000080086f2a08 relative=0x0000000000000668
Event: 0.278 Thread 0x0000008023ea4ca0 Uncommon trap: reason=array_check action=maybe_recompile pc=0x00000080086f2a08 method=jdk.internal.classfile.impl.SplitConstantPool.internalAdd(Ljava/lang/classfile/constantpool/PoolEntry;I)Ljava/lang/classfile/constantpool/PoolEntry; @ 46 c2
Event: 0.278 Thread 0x0000008023ea4ca0 DEOPT PACKING pc=0x00000080086f2a08 sp=0x000000802c0fd880
Event: 0.278 Thread 0x0000008023ea4ca0 DEOPT UNPACKING pc=0x0000008008081182 sp=0x000000802c0fd810 mode 2
Event: 0.278 Thread 0x0000008023ea4ca0 Uncommon trap: trap_request=0xffffffd6 fr.pc=0x00000080086f2a08 relative=0x0000000000000668
Event: 0.278 Thread 0x0000008023ea4ca0 Uncommon trap: reason=array_check action=maybe_recompile pc=0x00000080086f2a08 method=jdk.internal.classfile.impl.SplitConstantPool.internalAdd(Ljava/lang/classfile/constantpool/PoolEntry;I)Ljava/lang/classfile/constantpool/PoolEntry; @ 46 c2
Event: 0.278 Thread 0x0000008023ea4ca0 DEOPT PACKING pc=0x00000080086f2a08 sp=0x000000802c0fd880
Event: 0.278 Thread 0x0000008023ea4ca0 DEOPT UNPACKING pc=0x0000008008081182 sp=0x000000802c0fd810 mode 2
Event: 0.278 Thread 0x0000008023ea4ca0 Uncommon trap: trap_request=0xffffffd6 fr.pc=0x00000080086f2a08 relative=0x0000000000000668
Event: 0.278 Thread 0x0000008023ea4ca0 Uncommon trap: reason=array_check action=maybe_recompile pc=0x00000080086f2a08 method=jdk.internal.classfile.impl.SplitConstantPool.internalAdd(Ljava/lang/classfile/constantpool/PoolEntry;I)Ljava/lang/classfile/constantpool/PoolEntry; @ 46 c2
Event: 0.278 Thread 0x0000008023ea4ca0 DEOPT PACKING pc=0x00000080086f2a08 sp=0x000000802c0fd6e0
Event: 0.278 Thread 0x0000008023ea4ca0 DEOPT UNPACKING pc=0x0000008008081182 sp=0x000000802c0fd670 mode 2
Event: 0.278 Thread 0x0000008023ea4ca0 Uncommon trap: trap_request=0xffffffd6 fr.pc=0x00000080086f2a08 relative=0x0000000000000668
Event: 0.278 Thread 0x0000008023ea4ca0 Uncommon trap: reason=array_check action=maybe_recompile pc=0x00000080086f2a08 method=jdk.internal.classfile.impl.SplitConstantPool.internalAdd(Ljava/lang/classfile/constantpool/PoolEntry;I)Ljava/lang/classfile/constantpool/PoolEntry; @ 46 c2
Event: 0.278 Thread 0x0000008023ea4ca0 DEOPT PACKING pc=0x00000080086f2a08 sp=0x000000802c0fd6e0
Event: 0.278 Thread 0x0000008023ea4ca0 DEOPT UNPACKING pc=0x0000008008081182 sp=0x000000802c0fd670 mode 2

Classes loaded (20 events):
Event: 0.247 Loading class com/sun/crypto/provider/HKDFKeyDerivation done
Event: 0.247 Loading class com/sun/crypto/provider/HKDFKeyDerivation$HKDFSHA256 done
Event: 0.247 Loading class com/sun/crypto/provider/HKDFKeyDerivation$SupportedHmac
Event: 0.247 Loading class com/sun/crypto/provider/HKDFKeyDerivation$SupportedHmac done
Event: 0.247 Loading class javax/crypto/KDF$Delegate
Event: 0.247 Loading class javax/crypto/KDF$Delegate done
Event: 0.247 Loading class javax/crypto/spec/HKDFParameterSpec
Event: 0.247 Loading class javax/crypto/spec/HKDFParameterSpec done
Event: 0.247 Loading class javax/crypto/spec/HKDFParameterSpec$Builder
Event: 0.247 Loading class javax/crypto/spec/HKDFParameterSpec$Builder done
Event: 0.248 Loading class javax/crypto/spec/HKDFParameterSpec$Extract
Event: 0.248 Loading class javax/crypto/spec/HKDFParameterSpec$Extract done
Event: 0.248 Loading class javax/crypto/spec/HKDFParameterSpec$Expand
Event: 0.248 Loading class javax/crypto/spec/HKDFParameterSpec$Expand done
Event: 0.251 Loading class com/sun/crypto/provider/AEADBufferedStream
Event: 0.251 Loading class com/sun/crypto/provider/AEADBufferedStream done
Event: 0.254 Loading class jdk/internal/event/X509CertificateEvent
Event: 0.254 Loading class jdk/internal/event/X509CertificateEvent done
Event: 0.260 Loading class jdk/internal/event/TLSHandshakeEvent
Event: 0.260 Loading class jdk/internal/event/TLSHandshakeEvent done

Classes unloaded (0 events):
No events

Classes redefined (0 events):
No events

Internal exceptions (19 events):
Event: 0.077 Thread 0x00000080004695e0 Exception <a 'sun/nio/fs/WindowsException'{0x0000000442c4c068}> (0x0000000442c4c068) 
thrown [s\src\hotspot\share\prims\jni.cpp, line 535]
Event: 0.104 Thread 0x00000080004695e0 Exception <a 'java/lang/NoSuchMethodError'{0x0000000442dbc408}: 'java.lang.Object java.lang.invoke.DirectMethodHandle$Holder.invokeStaticInit(java.lang.Object, java.lang.Object, int, int, int, int)'> (0x0000000442dbc408) 
thrown [s\src\hotspot\share\interpreter\linkResolver.cpp, line 815]
Event: 0.116 Thread 0x00000080004695e0 Exception <a 'java/lang/NoSuchMethodError'{0x0000000442e4af68}: 'int java.lang.invoke.DirectMethodHandle$Holder.invokeSpecialIFC(java.lang.Object, java.lang.Object, java.lang.Object)'> (0x0000000442e4af68) 
thrown [s\src\hotspot\share\interpreter\linkResolver.cpp, line 815]
Event: 0.131 Thread 0x00000080004695e0 Exception <a 'java/lang/NoSuchMethodError'{0x0000000442f43588}: 'long java.lang.invoke.DirectMethodHandle$Holder.invokeSpecial(java.lang.Object, java.lang.Object)'> (0x0000000442f43588) 
thrown [s\src\hotspot\share\interpreter\linkResolver.cpp, line 815]
Event: 0.132 Thread 0x00000080004695e0 Exception <a 'java/lang/NoSuchMethodError'{0x0000000442f5a498}: 'int java.lang.invoke.DirectMethodHandle$Holder.invokeStatic(java.lang.Object, java.lang.Object, java.lang.Object, java.lang.Object)'> (0x0000000442f5a498) 
thrown [s\src\hotspot\share\interpreter\linkResolver.cpp, line 815]
Event: 0.164 Thread 0x00000080004695e0 Exception <a 'java/lang/NoSuchMethodError'{0x00000004420a5348}: 'java.lang.Object java.lang.invoke.DirectMethodHandle$Holder.newInvokeSpecial(java.lang.Object, java.lang.Object, java.lang.Object, java.lang.Object, java.lang.Object)'> (0x00000004420a5348) 
thrown [s\src\hotspot\share\interpreter\linkResolver.cpp, line 815]
Event: 0.177 Thread 0x00000080004695e0 Exception <a 'java/lang/NoSuchMethodError'{0x000000044227ecf8}: 'java.lang.Object java.lang.invoke.DirectMethodHandle$Holder.invokeSpecial(java.lang.Object, java.lang.Object, java.lang.Object, java.lang.Object, java.lang.Object, int)'> (0x000000044227ecf8) 
thrown [s\src\hotspot\share\interpreter\linkResolver.cpp, line 815]
Event: 0.178 Thread 0x00000080004695e0 Exception <a 'java/lang/NoSuchMethodError'{0x000000044228f540}: 'java.lang.Object java.lang.invoke.Invokers$Holder.linkToTargetMethod(java.lang.Object, java.lang.Object, int, java.lang.Object)'> (0x000000044228f540) 
thrown [s\src\hotspot\share\interpreter\linkResolver.cpp, line 815]
Event: 0.181 Thread 0x00000080004695e0 Exception <a 'java/lang/NoSuchMethodError'{0x00000004422b1520}: 'void java.lang.invoke.DirectMethodHandle$Holder.invokeSpecial(java.lang.Object, java.lang.Object, java.lang.Object)'> (0x00000004422b1520) 
thrown [s\src\hotspot\share\interpreter\linkResolver.cpp, line 815]
Event: 0.188 Thread 0x0000008023ea5c40 Exception <a 'java/lang/NoSuchMethodError'{0x0000000442107010}: 'int java.lang.invoke.DirectMethodHandle$Holder.invokeStatic(java.lang.Object, int, java.lang.Object)'> (0x0000000442107010) 
thrown [s\src\hotspot\share\interpreter\linkResolver.cpp, line 815]
Event: 0.189 Thread 0x0000008023ea5c40 Exception <a 'java/lang/NoSuchMethodError'{0x000000044211e4b8}: 'void java.lang.invoke.DirectMethodHandle$Holder.invokeStatic(java.lang.Object, java.lang.Object, int)'> (0x000000044211e4b8) 
thrown [s\src\hotspot\share\interpreter\linkResolver.cpp, line 815]
Event: 0.189 Thread 0x0000008023ea5c40 Exception <a 'java/lang/NoSuchMethodError'{0x000000044212d7d8}: 'java.lang.Object java.lang.invoke.DirectMethodHandle$Holder.newInvokeSpecial(java.lang.Object, java.lang.Object, int)'> (0x000000044212d7d8) 
thrown [s\src\hotspot\share\interpreter\linkResolver.cpp, line 815]
Event: 0.190 Thread 0x00000080004695e0 Exception <a 'java/lang/NoSuchMethodError'{0x00000004423779d0}: 'void java.lang.invoke.DirectMethodHandle$Holder.invokeSpecial(java.lang.Object, java.lang.Object, java.lang.Object, java.lang.Object, java.lang.Object)'> (0x00000004423779d0) 
thrown [s\src\hotspot\share\interpreter\linkResolver.cpp, line 815]
Event: 0.193 Thread 0x0000008023ea4ca0 Exception <a 'java/lang/NoSuchMethodError'{0x00000004423eba88}: 'void java.lang.invoke.DirectMethodHandle$Holder.invokeInterface(java.lang.Object, java.lang.Object, java.lang.Object)'> (0x00000004423eba88) 
thrown [s\src\hotspot\share\interpreter\linkResolver.cpp, line 815]
Event: 0.199 Thread 0x0000008023ea4ca0 Exception <a 'java/lang/NoSuchMethodError'{0x0000000442478300}: 'long java.lang.invoke.DirectMethodHandle$Holder.invokeStatic(java.lang.Object, long, long)'> (0x0000000442478300) 
thrown [s\src\hotspot\share\interpreter\linkResolver.cpp, line 815]
Event: 0.199 Thread 0x0000008023ea5c40 Exception <a 'java/lang/NoSuchMethodError'{0x000000044216bb48}: 'long java.lang.invoke.DirectMethodHandle$Holder.invokeStatic(java.lang.Object, long, long)'> (0x000000044216bb48) 
thrown [s\src\hotspot\share\interpreter\linkResolver.cpp, line 815]
Event: 0.239 Thread 0x0000008023ea4ca0 Exception <a 'java/lang/NoSuchMethodError'{0x0000000442604710}: 'void java.lang.invoke.DirectMethodHandle$Holder.invokeInterface(java.lang.Object, java.lang.Object)'> (0x0000000442604710) 
thrown [s\src\hotspot\share\interpreter\linkResolver.cpp, line 815]
Event: 0.243 Thread 0x0000008023ea4ca0 Exception <a 'java/lang/NoSuchMethodError'{0x00000004426480a8}: 'java.lang.Object java.lang.invoke.Invokers$Holder.invoke_MT(java.lang.Object, java.lang.Object, java.lang.Object, java.lang.Object, java.lang.Object, java.lang.Object)'> (0x00000004426480a8) 
thrown [s\src\hotspot\share\interpreter\linkResolver.cpp, line 815]
Event: 0.261 Thread 0x0000008023ea4ca0 Exception <a 'java/lang/NoSuchMethodError'{0x00000004426ff5e0}: 'void java.lang.invoke.DirectMethodHandle$Holder.invokeStatic(java.lang.Object, java.lang.Object, java.lang.Object, java.lang.Object)'> (0x00000004426ff5e0) 
thrown [s\src\hotspot\share\interpreter\linkResolver.cpp, line 815]

VM Operations (2 events):
Event: 0.096 Executing non-safepoint VM operation: HandshakeAllThreads (Deoptimize)
Event: 0.096 Executing non-safepoint VM operation: HandshakeAllThreads (Deoptimize) done

Memory protections (0 events):
No events

Nmethod flushes (0 events):
No events

Events (20 events):
Event: 0.040 Thread 0x00000080004695e0 Thread added: 0x0000008023e7bc20
Event: 0.040 Thread 0x00000080004695e0 Thread added: 0x0000008023ea8610
Event: 0.040 Thread 0x00000080004695e0 Thread added: 0x0000008023ea9de0
Event: 0.040 Thread 0x00000080004695e0 Thread added: 0x0000008023eab0e0
Event: 0.040 Thread 0x00000080004695e0 Thread added: 0x0000008023ec1920
Event: 0.043 Thread 0x00000080004695e0 Thread added: 0x0000008023ea2d60
Event: 0.045 Loaded shared library C:\Program Files\JetBrains\PhpStorm 2026.2\jbr\bin\net.dll
Event: 0.046 Loaded shared library C:\Program Files\JetBrains\PhpStorm 2026.2\jbr\bin\nio.dll
Event: 0.048 Loaded shared library C:\Program Files\JetBrains\PhpStorm 2026.2\jbr\bin\zip.dll
Event: 0.051 Thread 0x0000008023ec1920 Thread added: 0x0000008026501760
Event: 0.052 Thread 0x0000008023ec1920 Thread added: 0x0000008026501f70
Event: 0.079 Loaded shared library C:\Program Files\JetBrains\PhpStorm 2026.2\jbr\bin\jimage.dll
Event: 0.143 Loaded shared library C:\Program Files\JetBrains\PhpStorm 2026.2\jbr\bin\sunmscapi.dll
Event: 0.156 Loaded shared library C:\Program Files\JetBrains\PhpStorm 2026.2\jbr\bin\extnet.dll
Event: 0.161 Thread 0x00000080004695e0 Thread added: 0x0000008023ea5c40
Event: 0.192 Thread 0x0000008023ea5c40 Thread added: 0x0000008023ea4ca0
Event: 0.200 Thread 0x0000008023ea5c40 Thread added: 0x0000008023ea6be0
Event: 0.216 Thread 0x0000008023eab0e0 Thread added: 0x000000802bbe7bc0
Event: 0.216 Thread 0x0000008023eab0e0 Thread added: 0x000000802bbd6600
Event: 0.275 Thread 0x0000008023ec1920 Thread added: 0x000000802bdeeb60


Dynamic libraries:
0x00007ff63b2c0000 - 0x00007ff63b2ca000 	C:\Program Files\JetBrains\PhpStorm 2026.2\jbr\bin\java.exe
0x00007ff894ca0000 - 0x00007ff894f00000 	C:\Windows\SYSTEM32\ntdll.dll
0x00007ff893520000 - 0x00007ff8935ea000 	C:\Windows\System32\KERNEL32.DLL
0x00007ff892540000 - 0x00007ff892948000 	C:\Windows\System32\KERNELBASE.dll
0x00007ff8921e0000 - 0x00007ff89232d000 	C:\Windows\System32\ucrtbase.dll
0x00007ff88bf20000 - 0x00007ff88bf3e000 	C:\Program Files\JetBrains\PhpStorm 2026.2\jbr\bin\VCRUNTIME140.dll
0x00007ff85f610000 - 0x00007ff85f627000 	C:\Program Files\JetBrains\PhpStorm 2026.2\jbr\bin\jli.dll
0x00007ff892950000 - 0x00007ff892b19000 	C:\Windows\System32\USER32.dll
0x00007ff892510000 - 0x00007ff892537000 	C:\Windows\System32\win32u.dll
0x00007ff892b20000 - 0x00007ff892b53000 	C:\Windows\System32\GDI32.dll
0x00007ff8780b0000 - 0x00007ff878347000 	C:\Windows\WinSxS\amd64_microsoft.windows.common-controls_6595b64144ccf1df_6.0.28000.2525_none_cc7f73c823a4e0f6\COMCTL32.dll
0x00007ff892330000 - 0x00007ff892458000 	C:\Windows\System32\gdi32full.dll
0x00007ff894170000 - 0x00007ff894219000 	C:\Windows\System32\msvcrt.dll
0x00007ff891f00000 - 0x00007ff891fa4000 	C:\Windows\System32\msvcp_win.dll
0x00007ff893860000 - 0x00007ff893905000 	C:\Windows\System32\sechost.dll
0x00007ff894220000 - 0x00007ff894252000 	C:\Windows\System32\IMM32.DLL
0x00007ff88cc40000 - 0x00007ff88cc4c000 	C:\Program Files\JetBrains\PhpStorm 2026.2\jbr\bin\vcruntime140_1.dll
0x00007ff86fbd0000 - 0x00007ff86fc59000 	C:\Program Files\JetBrains\PhpStorm 2026.2\jbr\bin\msvcp140.dll
0x00007ff807280000 - 0x00007ff8081d5000 	C:\Program Files\JetBrains\PhpStorm 2026.2\jbr\bin\server\jvm.dll
0x00007ff892ef0000 - 0x00007ff892fa6000 	C:\Windows\System32\ADVAPI32.dll
0x00007ff894030000 - 0x00007ff89414a000 	C:\Windows\System32\RPCRT4.dll
0x00007ff893490000 - 0x00007ff893512000 	C:\Windows\System32\WS2_32.dll
0x00007ff8917d0000 - 0x00007ff89182f000 	C:\Windows\SYSTEM32\POWRPROF.dll
0x00007ff88b050000 - 0x00007ff88b05b000 	C:\Windows\SYSTEM32\VERSION.dll
0x00007ff8822d0000 - 0x00007ff882306000 	C:\Windows\SYSTEM32\WINMM.dll
0x00007ff8916a0000 - 0x00007ff8916ba000 	C:\Windows\SYSTEM32\UMPDC.dll
0x00007ff890ba0000 - 0x00007ff890bbb000 	C:\Windows\SYSTEM32\kernel.appcore.dll
0x00007ff88b720000 - 0x00007ff88b72a000 	C:\Program Files\JetBrains\PhpStorm 2026.2\jbr\bin\jimage.dll
0x00007ff878a10000 - 0x00007ff878ce2000 	C:\Windows\SYSTEM32\DBGHELP.DLL
0x00007ff892b60000 - 0x00007ff892ee6000 	C:\Windows\System32\combase.dll
0x00007ff8933b0000 - 0x00007ff89348a000 	C:\Windows\System32\OLEAUT32.dll
0x00007ff874a30000 - 0x00007ff874a7a000 	C:\Windows\SYSTEM32\dbgcore.DLL
0x00007ff892460000 - 0x00007ff892507000 	C:\Windows\System32\bcryptPrimitives.dll
0x00007ff87acd0000 - 0x00007ff87acef000 	C:\Program Files\JetBrains\PhpStorm 2026.2\jbr\bin\java.dll
0x00007ff893600000 - 0x00007ff893799000 	C:\Windows\System32\ole32.dll
0x00007ff894360000 - 0x00007ff894af2000 	C:\Windows\System32\SHELL32.dll
0x00007ff88f970000 - 0x00007ff890215000 	C:\Windows\SYSTEM32\windows.storage.dll
0x00007ff894b00000 - 0x00007ff894bfd000 	C:\Windows\System32\SHCORE.dll
0x00007ff8942f0000 - 0x00007ff894357000 	C:\Windows\System32\shlwapi.dll
0x00007ff891cf0000 - 0x00007ff891d19000 	C:\Windows\SYSTEM32\profapi.dll
0x00007ff8772f0000 - 0x00007ff877302000 	C:\Program Files\JetBrains\PhpStorm 2026.2\jbr\bin\net.dll
0x00007ff891e90000 - 0x00007ff891efd000 	C:\Windows\System32\mswsock.dll
0x00007ff876450000 - 0x00007ff876466000 	C:\Program Files\JetBrains\PhpStorm 2026.2\jbr\bin\nio.dll
0x00007ff8773c0000 - 0x00007ff8773d6000 	C:\Program Files\JetBrains\PhpStorm 2026.2\jbr\bin\zip.dll
0x00007ff891460000 - 0x00007ff89147b000 	C:\Windows\SYSTEM32\CRYPTSP.dll
0x00007ff890b00000 - 0x00007ff890b39000 	C:\Windows\system32\rsaenh.dll
0x00007ff891110000 - 0x00007ff891142000 	C:\Windows\SYSTEM32\USERENV.dll
0x00007ff8921b0000 - 0x00007ff8921d9000 	C:\Windows\System32\bcrypt.dll
0x00007ff8912c0000 - 0x00007ff8912cc000 	C:\Windows\SYSTEM32\CRYPTBASE.dll
0x00007ff890540000 - 0x00007ff890572000 	C:\Windows\SYSTEM32\IPHLPAPI.DLL
0x00007ff893960000 - 0x00007ff89396a000 	C:\Windows\System32\NSI.dll
0x00007ff8772c0000 - 0x00007ff8772ce000 	C:\Program Files\JetBrains\PhpStorm 2026.2\jbr\bin\sunmscapi.dll
0x00007ff892030000 - 0x00007ff8921ad000 	C:\Windows\System32\CRYPT32.dll
0x00007ff891640000 - 0x00007ff891670000 	C:\Windows\SYSTEM32\ncrypt.dll
0x00007ff8915f0000 - 0x00007ff89162f000 	C:\Windows\SYSTEM32\NTASN1.dll
0x00007ff86df50000 - 0x00007ff86df58000 	C:\Windows\system32\wshunix.dll
0x00007ff875fa0000 - 0x00007ff875fa9000 	C:\Program Files\JetBrains\PhpStorm 2026.2\jbr\bin\extnet.dll

JVMTI agents: none

dbghelp: loaded successfully - version: 4.0.5 - missing functions: none
symbol engine: initialized successfully - sym options: 0x614 - pdb path: .;C:\Program Files\JetBrains\PhpStorm 2026.2\jbr\bin;C:\Windows\SYSTEM32;C:\Windows\WinSxS\amd64_microsoft.windows.common-controls_6595b64144ccf1df_6.0.28000.2525_none_cc7f73c823a4e0f6;C:\Program Files\JetBrains\PhpStorm 2026.2\jbr\bin\server

VM Arguments:
java_command: git4idea.http.GitAskPassApp Username for 'https://github.com': 
java_class_path (initial): C:/Program Files/JetBrains/PhpStorm 2026.2/plugins/vcs-git/lib/git4idea-rt.jar;C:/Program Files/JetBrains/PhpStorm 2026.2/lib/externalProcess-rt.jar
Launcher Type: SUN_STANDARD

[Global flags]
     intx CICompilerCount                          = 12                                        {product} {ergonomic}
     uint ConcGCThreads                            = 3                                         {product} {ergonomic}
     uint G1ConcRefinementThreads                  = 13                                        {product} {ergonomic}
   size_t G1HeapRegionSize                         = 8388608                                   {product} {ergonomic}
   size_t InitialHeapSize                          = 1073741824                                {product} {ergonomic}
   size_t MarkStackSize                            = 4194304                                   {product} {ergonomic}
   size_t MarkStackSizeMax                         = 536870912                                 {product} {ergonomic}
   size_t MaxHeapSize                              = 17129537536                               {product} {ergonomic}
   size_t MaxNewSize                               = 10276044800                               {product} {ergonomic}
   size_t MinHeapDeltaBytes                        = 8388608                                   {product} {ergonomic}
   size_t MinHeapSize                              = 8388608                                   {product} {ergonomic}
    uintx NonNMethodCodeHeapSize                   = 7667712                                {pd product} {ergonomic}
    uintx NonProfiledCodeHeapSize                  = 122028032                              {pd product} {ergonomic}
    uintx ProfiledCodeHeapSize                     = 122028032                              {pd product} {ergonomic}
    uintx ReservedCodeCacheSize                    = 251723776                              {pd product} {ergonomic}
     bool SegmentedCodeCache                       = true                                      {product} {ergonomic}
   size_t SoftMaxHeapSize                          = 17129537536                            {manageable} {ergonomic}
     bool UseCompressedOops                        = true                           {product lp64_product} {ergonomic}
     bool UseG1GC                                  = true                                      {product} {ergonomic}
     bool UseLargePagesIndividualAllocation        = false                                  {pd product} {ergonomic}

Logging:
Log output configuration:
 #0: stdout all=warning uptime,level,tags foldmultilines=false
 #1: stderr all=off uptime,level,tags foldmultilines=false

Release file:
JAVA_VERSION="25.0.3" 
MODULES="java.base java.compiler java.datatransfer java.xml java.prefs java.desktop java.instrument java.logging java.management java.security.sasl java.naming java.rmi java.management.rmi java.net.http java.scripting java.security.jgss java.transaction.xa java.sql java.sql.rowset java.xml.crypto java.se java.smartcardio jdk.accessibility jdk.internal.jvmstat jdk.attach jdk.charsets jdk.internal.opt jdk.zipfs jdk.compiler jdk.crypto.cryptoki jdk.crypto.ec jdk.crypto.mscapi jdk.dynalink jdk.hotspot.agent jdk.httpserver jdk.internal.ed jdk.internal.le jdk.internal.md jdk.internal.vm.ci jdk.javadoc jdk.jcmd jdk.jdwp.agent jdk.jdi jdk.jfr jdk.localedata jdk.management jdk.management.agent jdk.management.jfr jdk.naming.dns jdk.naming.rmi jdk.net jdk.sctp jdk.security.auth jdk.security.jgss jdk.unsupported jdk.unsupported.desktop jdk.xml.dom" 
IMPLEMENTOR="JetBrains s.r.o." 
IMPLEMENTOR_VERSION="JBR-25.0.3+9-508.16-nomod" 
JAVA_RUNTIME_VERSION="25.0.3+9-b508.16" 
LIBC="default" 
OS_ARCH="x86_64" 
OS_NAME="Windows" 
SOURCE=".:git:c624f1bd9587+" 

Environment Variables:
PATH=C:/Program Files/Git/mingw64/libexec/git-core;C:/Program Files/Git/mingw64/libexec/git-core;C:\Program Files\Git\mingw64\bin;C:\Program Files\Git\usr\bin;C:\Users\Alaa-AI\bin;C:\Windows\system32;C:\Windows;C:\Windows\System32\Wbem;C:\Windows\System32\WindowsPowerShell\v1.0\;C:\Program Files\NVIDIA Corporation\NVIDIA App\NvDLISR;C:\Program Files (x86)\NVIDIA Corporation\PhysX\Common;C:\Program Files\Git\cmd;C:\Program Files\Go\bin;C:\Program Files\GitHub CLI\;C:\Program Files\nodejs\;C:\ProgramData\chocolatey\bin;C:\Program Files\gsudo\Current;C:\composer;C:\Windows\System32\OpenSSH\;C:\Program Files\Docker\Docker\resources\bin;C:\Program Files\PowerShell\7\;C:\Users\Alaa-AI\.cargo\bin;C:\Tools\WinLibs\mingw64\bin;C:\Users\Alaa-AI\.local\bin;V:\cache\pnpm\bin;C:\Users\Alaa-AI\AppData\Local\Programs\Python\Python314\Scripts\;C:\Users\Alaa-AI\AppData\Local\Programs\Python\Python314\;C:\Users\Alaa-AI\AppData\Local\Programs\Python\Launcher\;C:\Users\Alaa-AI\AppData\Local\Microsoft\WindowsApps;C:\Program Files\JetBrains\PhpStorm 2026.1.3\bin;C:\Program Files\JetBrains\GoLand 2026.1.3\bin;C:\Users\Alaa-AI\go\bin;C:\Users\Alaa-AI\AppData\Local\Microsoft\WinGet\Links;C:\Program Files\7-Zip;C:\Users\Alaa-AI\AppData\Roaming\npm;C:\Users\Alaa-AI\AppData\Local\Programs\Microsoft VS Code\bin;C:\Users\Alaa-AI\AppData\Local\Microsoft\WinGet\Packages\PHP.PHP.8.5_Microsoft.Winget.Source_8wekyb3d8bbwe;C:\Users\Alaa-AI\AppData\Roaming\Composer\vendor\bin;V:\cache\go\workspace\bin;C:\Users\Alaa-AI\AppData\Local\Microsoft\WinGet\Packages\ast-grep.ast-grep_Microsoft.Winget.Source_8wekyb3d8bbwe;C:\Program Files\JetBrains\PhpStorm 2026.2\bin
USERNAME=Alaa-AI
DISPLAY=:0.0
LC_ALL=en_US.UTF-8
TERM=xterm-256color
TMPDIR=C:\Users\Alaa-AI\AppData\Local\Temp
OS=Windows_NT
PROCESSOR_IDENTIFIER=Intel64 Family 6 Model 167 Stepping 1, GenuineIntel
TMP=C:\Users\Alaa-AI\AppData\Local\Temp
TEMP=C:\Users\Alaa-AI\AppData\Local\Temp




Compilation memory statistics disabled.

Periodic native trim disabled

JNI global refs:
JNI global refs: 27, weak refs: 0

JNI global refs memory usage: 835, weak refs: 833

Process memory usage:
Resident Set Size: 99404K (0% of 66908576K total physical memory with 39449692K free physical memory)

OOME stack traces (most recent first):
Classloader memory used:
Loader bootstrap                                                                       : 1784 K
Loader jdk.internal.loader.ClassLoaders$PlatformClassLoader                            : 1705 K
Loader jdk.internal.loader.ClassLoaders$AppClassLoader                                 : 29512 B

---------------  S Y S T E M  ---------------

OS:
 Windows 11 , 64 bit Build 28000 (10.0.28000.2525)
OS uptime: 0 days 5:30 hours
Hyper-V role detected

CPU: total 16 (initial active 16) (8 cores per cpu, 2 threads per core) family 6 model 167 stepping 1 microcode 0x64, cx8, cmov, fxsr, ht, mmx, 3dnowpref, sse, sse2, sse3, ssse3, sse4.1, sse4.2, popcnt, lzcnt, tsc, tscinvbit, avx, avx2, aes, erms, clmul, bmi1, bmi2, adx, avx512f, avx512dq, avx512cd, avx512bw, avx512vl, sha, fma, vzeroupper, avx512_vpopcntdq, avx512_vpclmulqdq, avx512_vaes, avx512_vnni, clflush, clflushopt, avx512_vbmi2, avx512_vbmi, hv, rdtscp, rdpid, fsrm, gfni, avx512_bitalg, f16c, avx512_ifma
Processor Information for the first 16 processors :
  Max Mhz: 3504, Current Mhz: 3504, Mhz Limit: 3504

Memory: 4k page, system-wide physical 65340M (38524M free)
TotalPageFile size 184452M (AvailPageFile size 6M)
current process WorkingSet (physical memory assigned to process): 97M, peak: 97M
current process commit charge ("private bytes"): 1180M, peak: 1181M

vm_info: OpenJDK 64-Bit Server VM (25.0.3+9-b508.16) for windows-amd64 JRE (25.0.3+9-b508.16), built on 2026-06-22 with MS VC++ 17.14 (VS2022)

END.
